                                           The SAS System    08:36 Wednesday, September 29, 2010   1

                                       The CONTENTS Procedure

Data Set Name        WORK.EQUIVALENT_NAME_MATCHED_DATA                  Observations          536974
Member Type          DATA                                               Variables             6     
Engine               V9                                                 Indexes               0     
Created              Wed, Sep 29, 2010 08:37:22 AM                      Observation Length    128   
Last Modified        Wed, Sep 29, 2010 08:37:22 AM                      Deleted Observations  0     
Protection                                                              Compressed            NO    
Data Set Type                                                           Sorted                NO    
Label                                                                                               
Data Representation  SOLARIS_X86_64, LINUX_X86_64,                                                  
                     ALPHA_TRU64, LINUX_IA64                                                        
Encoding             latin1  Western (ISO)                                                          


                                 Engine/Host Dependent Information

Data Set Page Size          16384                                                                   
Number of Data Set Pages    4229                                                                    
First Data Page             1                                                                       
Max Obs per Page            127                                                                     
Obs in First Data Page      107                                                                     
Number of Data Set Repairs  0                                                                       
Filename                    /largefs/saswork/SAS_workB479000034D2_bc16-n03.isis.                    
                            unc.edu/equivalent_name_matched_data.sas7bdat                           
Release Created             9.0201M0                                                                
Host Created                Linux                                                                   
Inode Number                199068                                                                  
Access Permission           rw-r-----                                                               
Owner Name                  jabloche                                                                
File Size (bytes)           69296128                                                                


                            Alphabetic List of Variables and Attributes
 
                    #    Variable     Type    Len    Format       Label

                    3    cusip        Char      9                 9 digit CUSIP
                    1    fundid       Char     10                 Fund ID      
                    2    port_date    Num       8    YYMMDD10.    Porfolio Date
                    5    rowid        Num       8                              
                    4    security     Char     80                 Security Name
                    6    year         Num       8                              
                                           The SAS System    08:36 Wednesday, September 29, 2010   2

                                       The CONTENTS Procedure

Data Set Name        MKTNET.EQUITIES_RAW                               Observations          1020331
Member Type          DATA                                              Variables             6      
Engine               V9                                                Indexes               0      
Created              Tue, Sep 14, 2010 09:50:01 AM                     Observation Length    128    
Last Modified        Tue, Sep 14, 2010 09:50:01 AM                     Deleted Observations  0      
Protection                                                             Compressed            NO     
Data Set Type                                                          Sorted                NO     
Label                                                                                               
Data Representation  SOLARIS_X86_64, LINUX_X86_64,                                                  
                     ALPHA_TRU64, LINUX_IA64                                                        
Encoding             latin1  Western (ISO)                                                          


                                 Engine/Host Dependent Information

           Data Set Page Size          16384                                            
           Number of Data Set Pages    8035                                             
           First Data Page             1                                                
           Max Obs per Page            127                                              
           Obs in First Data Page      107                                              
           Number of Data Set Repairs  0                                                
           Filename                    /largefs/jabloche/marketnet/equities_raw.sas7bdat
           Release Created             9.0201M0                                         
           Host Created                Linux                                            
           Inode Number                131493                                           
           Access Permission           rw-r-----                                        
           Owner Name                  jabloche                                         
           File Size (bytes)           131653632                                        


                            Alphabetic List of Variables and Attributes
 
                    #    Variable     Type    Len    Format       Label

                    3    cusip        Char      9                 9 digit CUSIP
                    1    fundid       Char     10                 Fund ID      
                    2    port_date    Num       8    YYMMDD10.    Porfolio Date
                    5    rowid        Num       8                              
                    4    security     Char     80                 Security Name
                    6    year         Num       8                              
